// Jest Snapshot v1, https://goo.gl/fbAQLP

exports[`createOrderedCSSStyleSheet #insert deduplication for same group 1`] = `""`;

exports[`createOrderedCSSStyleSheet #insert deduplication for same group 2`] = `
"[stylesheet-group=\\"0\\"]{}
.one {}"
`;

exports[`createOrderedCSSStyleSheet #insert deduplication for same group 3`] = `
"[stylesheet-group=\\"0\\"]{}
.one {}"
`;

exports[`createOrderedCSSStyleSheet #insert insertion order for different groups 1`] = `
"[stylesheet-group=\\"1\\"]{}
.one {}
[stylesheet-group=\\"2.2\\"]{}
.two {}
[stylesheet-group=\\"3\\"]{}
.three {}
[stylesheet-group=\\"4\\"]{}
.four-1 {}
.four-2 {}
[stylesheet-group=\\"9.9\\"]{}
.nine-1 {}
.nine-2 {}
[stylesheet-group=\\"10\\"]{}
.ten {}
[stylesheet-group=\\"20\\"]{}
.twenty {}
[stylesheet-group=\\"20.2\\"]{}
.twenty-point2 {}"
`;

exports[`createOrderedCSSStyleSheet #insert insertion order for same group 1`] = `""`;

exports[`createOrderedCSSStyleSheet #insert insertion order for same group 2`] = `
"[stylesheet-group=\\"0\\"]{}
.one {}"
`;

exports[`createOrderedCSSStyleSheet #insert insertion order for same group 3`] = `
"[stylesheet-group=\\"0\\"]{}
.one {}
.two {}"
`;

exports[`createOrderedCSSStyleSheet #insert insertion order for same group 4`] = `
"[stylesheet-group=\\"0\\"]{}
.one {}
.two {}
.three {}"
`;

exports[`createOrderedCSSStyleSheet client-side hydration from SSR CSS 1`] = `
"[stylesheet-group=\\"1\\"] {}
.one {width: 10px;}
[stylesheet-group=\\"2\\"] {}
.two-1 {height: 20px;}
.two-2 {color: red;}
@keyframes anim { 
  0% {opacity: 1;} 
}"
`;
