// Jest Snapshot v1, https://goo.gl/fbAQLP

exports[`StyleSheet/i18nStyle LTR mode converts and doesn't flip start/end 1`] = `
Object {
  "borderBottomLeftRadius": 20,
  "borderBottomRightRadius": "2rem",
  "borderLeftColor": "red",
  "borderLeftStyle": "solid",
  "borderLeftWidth": 5,
  "borderRightColor": "blue",
  "borderRightStyle": "dotted",
  "borderRightWidth": 6,
  "borderTopLeftRadius": 10,
  "borderTopRightRadius": "1rem",
  "left": 1,
  "marginLeft": 7,
  "marginRight": 8,
  "paddingLeft": 9,
  "paddingRight": 10,
  "right": 2,
  "textAlign": "left",
  "textShadowOffset": Object {
    "height": 10,
    "width": "1rem",
  },
}
`;

exports[`StyleSheet/i18nStyle LTR mode doesn't flip left/right 1`] = `
Object {
  "borderBottomLeftRadius": 20,
  "borderBottomRightRadius": "2rem",
  "borderLeftColor": "red",
  "borderLeftStyle": "solid",
  "borderLeftWidth": 5,
  "borderRightColor": "blue",
  "borderRightStyle": "dotted",
  "borderRightWidth": 6,
  "borderTopLeftRadius": 10,
  "borderTopRightRadius": "1rem",
  "left": 1,
  "marginLeft": 7,
  "marginRight": 8,
  "paddingLeft": 9,
  "paddingRight": 10,
  "right": 2,
  "textAlign": "left",
  "textShadowOffset": Object {
    "height": 10,
    "width": "1rem",
  },
}
`;

exports[`StyleSheet/i18nStyle RTL mode converts and flips start/end 1`] = `
Object {
  "borderBottomLeftRadius": "2rem",
  "borderBottomRightRadius": 20,
  "borderLeftColor": "blue",
  "borderLeftStyle": "dotted",
  "borderLeftWidth": 6,
  "borderRightColor": "red",
  "borderRightStyle": "solid",
  "borderRightWidth": 5,
  "borderTopLeftRadius": "1rem",
  "borderTopRightRadius": 10,
  "left": 2,
  "marginLeft": 8,
  "marginRight": 7,
  "paddingLeft": 10,
  "paddingRight": 9,
  "right": 1,
  "textAlign": "right",
  "textShadowOffset": Object {
    "height": 10,
    "width": "-1rem",
  },
}
`;

exports[`StyleSheet/i18nStyle RTL mode flips left/right 1`] = `
Object {
  "borderBottomLeftRadius": "2rem",
  "borderBottomRightRadius": 20,
  "borderLeftColor": "blue",
  "borderLeftStyle": "dotted",
  "borderLeftWidth": 6,
  "borderRightColor": "red",
  "borderRightStyle": "solid",
  "borderRightWidth": 5,
  "borderTopLeftRadius": "1rem",
  "borderTopRightRadius": 10,
  "left": 2,
  "marginLeft": 8,
  "marginRight": 7,
  "paddingLeft": 10,
  "paddingRight": 9,
  "right": 1,
  "textAlign": "right",
  "textShadowOffset": Object {
    "height": 10,
    "width": "-1rem",
  },
}
`;
