exports[`components/ActivityIndicator default render 1`] = `
<div
  aria-valuemax="1"
  aria-valuemin="0"
  className="rn-alignItems-1awozwy rn-backgroundColor-wib322 rn-borderTopStyle-1efd50x rn-borderRightStyle-14skgim rn-borderBottomStyle-rull8r rn-borderLeftStyle-mm0ijv rn-borderTopWidth-13yce4e rn-borderRightWidth-fnigne rn-borderBottomWidth-ndvcnb rn-borderLeftWidth-gxnn5r rn-boxSizing-deolkf rn-color-homxoj rn-display-6koalj rn-flexShrink-1qe8dj5 rn-flexBasis-1mlwlqe rn-flexDirection-eqz5dr rn-font-1lw9tu2 rn-justifyContent-1777fci rn-listStyle-1ebb2ja rn-marginTop-1mnahxq rn-marginRight-61z16t rn-marginBottom-p1pxzi rn-marginLeft-11wrixw rn-minHeight-ifefl9 rn-minWidth-bcqeeo rn-paddingTop-wk8lta rn-paddingRight-9aemit rn-paddingBottom-1mdbw0j rn-paddingLeft-gy4na3 rn-position-bnwqim rn-textAlign-1ttztb7 rn-textDecoration-bauka4"
  role="progressbar"
  style={Object {}}>
  <div
    className="rn-alignItems-1oszu61 rn-animationDuration-17bb2tj rn-animationIterationCount-1muvv40 rn-animationName-dozj4v rn-animationTimingFunction-1ldzwu0 rn-backgroundColor-wib322 rn-borderTopStyle-1efd50x rn-borderRightStyle-14skgim rn-borderBottomStyle-rull8r rn-borderLeftStyle-mm0ijv rn-borderTopWidth-13yce4e rn-borderRightWidth-fnigne rn-borderBottomWidth-ndvcnb rn-borderLeftWidth-gxnn5r rn-boxSizing-deolkf rn-color-homxoj rn-display-6koalj rn-flexShrink-1qe8dj5 rn-flexBasis-1mlwlqe rn-flexDirection-eqz5dr rn-font-1lw9tu2 rn-height-z80fyv rn-listStyle-1ebb2ja rn-marginTop-1mnahxq rn-marginRight-61z16t rn-marginBottom-p1pxzi rn-marginLeft-11wrixw rn-minHeight-ifefl9 rn-minWidth-bcqeeo rn-paddingTop-wk8lta rn-paddingRight-9aemit rn-paddingBottom-1mdbw0j rn-paddingLeft-gy4na3 rn-position-bnwqim rn-textAlign-1ttztb7 rn-textDecoration-bauka4 rn-width-19wmn03"
    style={Object {}}>
    <svg
      height="100%"
      viewBox="0 0 32 32"
      width="100%">
      <circle
        cx="16"
        cy="16"
        fill="none"
        r="14"
        strokeWidth="4"
        style={
          Object {
            "opacity": 0.2,
            "stroke": "#1976D2",
          }
        } />
      <circle
        cx="16"
        cy="16"
        fill="none"
        r="14"
        strokeWidth="4"
        style={
          Object {
            "stroke": "#1976D2",
            "strokeDasharray": 80,
            "strokeDashoffset": 60,
          }
        } />
    </svg>
  </div>
</div>
`;

exports[`components/ActivityIndicator other render 1`] = `
<div
  aria-valuemax="1"
  aria-valuemin="0"
  className="rn-alignItems-1awozwy rn-backgroundColor-wib322 rn-borderTopStyle-1efd50x rn-borderRightStyle-14skgim rn-borderBottomStyle-rull8r rn-borderLeftStyle-mm0ijv rn-borderTopWidth-13yce4e rn-borderRightWidth-fnigne rn-borderBottomWidth-ndvcnb rn-borderLeftWidth-gxnn5r rn-boxSizing-deolkf rn-color-homxoj rn-display-6koalj rn-flexShrink-1qe8dj5 rn-flexBasis-1mlwlqe rn-flexDirection-eqz5dr rn-font-1lw9tu2 rn-justifyContent-1777fci rn-listStyle-1ebb2ja rn-marginTop-1mnahxq rn-marginRight-61z16t rn-marginBottom-p1pxzi rn-marginLeft-11wrixw rn-minHeight-ifefl9 rn-minWidth-bcqeeo rn-paddingTop-wk8lta rn-paddingRight-9aemit rn-paddingBottom-1mdbw0j rn-paddingLeft-gy4na3 rn-position-bnwqim rn-textAlign-1ttztb7 rn-textDecoration-bauka4"
  role="progressbar"
  style={Object {}}>
  <div
    className="rn-alignItems-1oszu61 rn-animationDuration-17bb2tj rn-animationIterationCount-1muvv40 rn-animationName-dozj4v rn-animationPlayState-1abnn5w rn-animationTimingFunction-1ldzwu0 rn-backgroundColor-wib322 rn-borderTopStyle-1efd50x rn-borderRightStyle-14skgim rn-borderBottomStyle-rull8r rn-borderLeftStyle-mm0ijv rn-borderTopWidth-13yce4e rn-borderRightWidth-fnigne rn-borderBottomWidth-ndvcnb rn-borderLeftWidth-gxnn5r rn-boxSizing-deolkf rn-color-homxoj rn-display-6koalj rn-flexShrink-1qe8dj5 rn-flexBasis-1mlwlqe rn-flexDirection-eqz5dr rn-font-1lw9tu2 rn-height-1r8g8re rn-listStyle-1ebb2ja rn-marginTop-1mnahxq rn-marginRight-61z16t rn-marginBottom-p1pxzi rn-marginLeft-11wrixw rn-minHeight-ifefl9 rn-minWidth-bcqeeo rn-paddingTop-wk8lta rn-paddingRight-9aemit rn-paddingBottom-1mdbw0j rn-paddingLeft-gy4na3 rn-position-bnwqim rn-textAlign-1ttztb7 rn-textDecoration-bauka4 rn-width-1acpoxo"
    style={Object {}}>
    <svg
      height="100%"
      viewBox="0 0 32 32"
      width="100%">
      <circle
        cx="16"
        cy="16"
        fill="none"
        r="14"
        strokeWidth="4"
        style={
          Object {
            "opacity": 0.2,
            "stroke": "#1976D2",
          }
        } />
      <circle
        cx="16"
        cy="16"
        fill="none"
        r="14"
        strokeWidth="4"
        style={
          Object {
            "stroke": "#1976D2",
            "strokeDasharray": 80,
            "strokeDashoffset": 60,
          }
        } />
    </svg>
  </div>
</div>
`;
