// Jest Snapshot v1, https://goo.gl/fbAQLP

exports[`apis/AppRegistry/renderApplication getApplication 1`] = `
<AppContainer
  rootTag={Object {}}
>
  <RootComponent />
</AppContainer>
`;

exports[`apis/AppRegistry/renderApplication getApplication 2`] = `
"<style id=\\"react-native-stylesheet\\">@media all{
html{-ms-text-size-adjust:100%;-webkit-text-size-adjust:100%;-webkit-tap-highlight-color:rgba(0,0,0,0);}
body{margin:0;}
button::-moz-focus-inner,input::-moz-focus-inner{border:0;padding:0;}
input::-webkit-inner-spin-button,input::-webkit-outer-spin-button,input::-webkit-search-cancel-button,input::-webkit-search-decoration,input::-webkit-search-results-button,input::-webkit-search-results-decoration{display:none;}
}
@keyframes rn-ActivityIndicator-animation{0%{-webkit-transform:rotate(0deg);transform:rotate(0deg);}100%{-webkit-transform:rotate(360deg);transform:rotate(360deg);}}
@keyframes rn-ProgressBar-animation{0%{-webkit-transform:translateX(-100%);transform:translateX(-100%);}100%{-webkit-transform:translateX(400%);transform:translateX(400%);}}</style>"
`;
